#Replicon_name	System_Id	Reference_system	System_status	Nb_loci	Nb_Ref_mandatory	Nb_Ref_accessory	Nb_Ref_Genes_detected_NR	Nb_Genes_with_match	System_length	Nb_Mandatory_NR	Nb_Accessory_NR	Nb_missing_mandatory	Nb_missing_accessory	List_missing_mandatory	List_missing_accessory	Loci_positions	Occur_Mandatory	Occur_Accessory	Occur_Forbidden
ESCO001c01a	ESCO001c01a_CAS-TypeIE_1	CAS-TypeIE	single_locus	1	7	3	8	8	8	7	1	0	2	[]	['cas5_TypeI', 'cas3a_TypeI']	[(2597, 2604)]	{'cas1_TypeIE': 1, 'cse2_TypeIE': 1, 'cas5_TypeIE': 1, 'cas2_TypeIE': 1, 'cas6_TypeIE': 1, 'cas7_TypeIE': 1, 'cse1_TypeIE': 1}	{'cas3_TypeI': 1, 'cas5_TypeI': 0, 'cas3a_TypeI': 0}	{'cas4_TypeI-II': 0, 'cas1_TypeI-II-III': 0, 'cas2_TypeI-II-III': 0}
HAMA001p04a	HAMA001p04a_CAS-TypeIB_1	CAS-TypeIB	single_locus	1	10	11	8	8	8	4	4	6	7	['cas8a1b_TypeIB', 'cas7b3_TypeIB', 'cas8a1b2_TypeIB', 'cas5b_TypeIB', 'cas8a1b3_TypeIB', 'cas7b_TypeIB']	['cas3_TypeI', 'casRa_TypeIA', 'cas5_TypeI', 'csm3_TypeIIIA', 'cas7_TypeI', 'csx10_TypeIIIU', 'cas1_TypeI-II-III']	[(4185, 4192)]	{'cas8a1b_TypeIB': 0, 'cas8b_TypeIB': 1, 'cas1_TypeIB': 1, 'cas7b3_TypeIB': 0, 'cas8a1b2_TypeIB': 0, 'cas7b2_TypeIB': 1, 'cas5b2_TypeIB': 1, 'cas5b_TypeIB': 0, 'cas8a1b3_TypeIB': 0, 'cas7b_TypeIB': 0}	{'cas3_TypeI': 0, 'casRa_TypeIA': 0, 'cas5_TypeI': 0, 'csm3_TypeIIIA': 0, 'cas7_TypeI': 0, 'cas3a_TypeI': 1, 'cas4_TypeI-II': 1, 'cas2_TypeI-II-III': 1, 'csx10_TypeIIIU': 0, 'cas6_TypeI-III': 1, 'cas1_TypeI-II-III': 0}	{'cas8c_TypeIC': 0}
LEPN003c01a	LEPN003c01a_CAS-TypeIIB_1	CAS-TypeIIB	single_locus	1	2	3	4	4	4	2	2	0	1	[]	['cas1_TypeII']	[(4347, 4350)]	{'cas9_TypeIIB': 1, 'cas4_TypeI-II': 1}	{'cas1_TypeII': 0, 'cas1_TypeI-II-III': 1, 'cas2_TypeI-II-III': 1}	{'cas3_TypeI': 0, 'csn2_TypeIIA': 0, 'cas3a_TypeI': 0, 'cas9_TypeII': 0}
